// Jest Snapshot v1, https://goo.gl/fbAQLP

exports[`renders without crashing 1`] = `
<Styled(Button)
  danger={true}
  full={true}
  onPress={[Function]}
>
  <Styled(Icon)
    active={true}
    name="trash"
  />
</Styled(Button)>
`;
