// Jest Snapshot v1, https://goo.gl/fbAQLP

exports[`renders without crashing 1`] = `
<Styled(List)
  dataArray={Array []}
  onLayout={[Function]}
  renderRow={[Function]}
  style={
    Object {
      "height": 98,
    }
  }
/>
`;
